[0/1] Re-running CMake...
-- 开始配置 Moss 内核构建系统...
-- 初始化 Clang 工具链 (ARM64)...
-- 检测 Clang 工具链...
-- 发现 Clang 21.1.5: /usr/bin/clang++-21
-- Clang 安装目录: /usr/bin/..
-- 检测 LLVM 工具...
CMake Warning at cmake/ToolchainDetection.cmake:64 (message):
  未找到 LLVM 工具: llvm-objdump
Call Stack (most recent call first):
  cmake/ToolchainDetection.cmake:42 (moss_detect_llvm_tools)
  cmake/ToolchainDetection.cmake:194 (moss_detect_clang_toolchain)
  CMakeLists.txt:20 (moss_initialize_clang_toolchain)


CMake Warning at cmake/ToolchainDetection.cmake:64 (message):
  未找到 LLVM 工具: llvm-objcopy
Call Stack (most recent call first):
  cmake/ToolchainDetection.cmake:42 (moss_detect_llvm_tools)
  cmake/ToolchainDetection.cmake:194 (moss_detect_clang_toolchain)
  CMakeLists.txt:20 (moss_initialize_clang_toolchain)


CMake Warning at cmake/ToolchainDetection.cmake:64 (message):
  未找到 LLVM 工具: llvm-readelf
Call Stack (most recent call first):
  cmake/ToolchainDetection.cmake:42 (moss_detect_llvm_tools)
  cmake/ToolchainDetection.cmake:194 (moss_detect_clang_toolchain)
  CMakeLists.txt:20 (moss_initialize_clang_toolchain)


CMake Warning at cmake/ToolchainDetection.cmake:64 (message):
  未找到 LLVM 工具: llvm-nm
Call Stack (most recent call first):
  cmake/ToolchainDetection.cmake:42 (moss_detect_llvm_tools)
  cmake/ToolchainDetection.cmake:194 (moss_detect_clang_toolchain)
  CMakeLists.txt:20 (moss_initialize_clang_toolchain)


CMake Warning at cmake/ToolchainDetection.cmake:64 (message):
  未找到 LLVM 工具: lld
Call Stack (most recent call first):
  cmake/ToolchainDetection.cmake:42 (moss_detect_llvm_tools)
  cmake/ToolchainDetection.cmake:194 (moss_detect_clang_toolchain)
  CMakeLists.txt:20 (moss_initialize_clang_toolchain)


-- 配置 Clang 内置链接器...
-- 使用 LLVM LLD 链接器: /usr/lib/llvm-21/bin/ld.lld
-- 配置 Clang 内置链接器...
-- 使用 LLVM LLD 链接器: /usr/lib/llvm-21/bin/ld.lld
-- 设置 Clang 特定编译标志...
-- Clang 编译标志已配置
-- 验证 Clang 交叉编译能力: ARM64
-- ✓ Clang 支持 ARM64 交叉编译
-- Clang 工具链初始化完成
-- 开始配置多架构支持...
-- 目标架构: ARM64
-- 使用 Clang 编译器版本: 21.1.5
-- 配置 ARM64 (AArch64) 架构...
-- ARM64 目标 CPU: cortex-a57
-- ARM64 架构配置完成
-- 设置 Clang target: aarch64-unknown-elf
-- 设置架构特定编译标志: ARM64
-- 架构编译标志已设置: -ffreestanding -fno-exceptions -fno-rtti -fno-stack-protector -Wall -Wextra -Werror -mgeneral-regs-only -mcpu=cortex-a57 -march=armv8-a+lse
-- 架构配置完成: ARM64
-- 目标平台: QEMU_VIRT
-- 配置 QEMU Virt 平台...
-- QEMU Virt 内存基址: 0x40000000
-- QEMU Virt 内核加载地址: 0x40080000
-- 使用回退链接器脚本: /home/wu/mercedes-benz/moss/linker.ld
-- 使用回退 QEMU 运行脚本: /home/wu/mercedes-benz/moss/build/arm64-qemu-debug/run_qemu.sh
CMake Warning at cmake/platforms/QEMU_VIRT.cmake:130 (message):
  平台源文件目录不存在:
  /home/wu/mercedes-benz/moss/platform/qemu-virt/ARM64
Call Stack (most recent call first):
  cmake/ArchSupport.cmake:167 (include)
  CMakeLists.txt:26 (moss_configure_platform)


-- QEMU Virt 平台配置完成
-- 平台配置完成: QEMU_VIRT
-- 配置系统已生成: /home/wu/mercedes-benz/moss/build/arm64-qemu-debug/include/config/config.h
-- 目标架构: ARM64
-- 目标平台: QEMU_VIRT
-- 构建类型: Debug (调试级别: 3)
-- 容器模块配置完成
-- 内存管理模块配置完成
-- 驱动模块配置完成
-- 中断模块配置完成
-- IPC 模块配置完成
-- 进程模块配置完成
-- 内核核心模块配置完成
-- ARM64 启动源文件: start.S;early_init.cpp
-- 启动模块配置完成
-- 未找到 objdump 工具，跳过反汇编文件生成
-- === Moss 内核构建配置摘要 ===
-- 架构: ARM64
-- 平台: QEMU_VIRT
-- 编译器: Clang 21.1.5
-- 目标: aarch64-unknown-elf
-- 构建类型: Debug
-- ==============================
-- === 模块化构建配置完成 ===
-- 已启用的模块: containers, mm, drivers, interrupts, ipc, process, kernel, boot
-- 主可执行文件: moss.elf
-- ===============================
-- Configuring done (0.0s)
-- Generating done (0.0s)
-- Build files have been written to: /home/wu/mercedes-benz/moss/build/arm64-qemu-debug
[1/4] Building CXX object src/kernel/CMakeFiles/moss_kernel.dir/runtime_support.cpp.obj
[2/4] Building CXX object src/kernel/CMakeFiles/moss_kernel.dir/kernel_main.cpp.obj
FAILED: [code=1] src/kernel/CMakeFiles/moss_kernel.dir/kernel_main.cpp.obj 
/usr/bin/clang++-21 --target=aarch64-unknown-elf -DMOSS_ARCH_ARM64 -DMOSS_ARCH_ARM64=1 -DMOSS_ARCH_BITS=64 -DMOSS_CACHE_LINE_SIZE=64 -DMOSS_CONTAINERS_MODULE -DMOSS_CPU_CORES=4 -DMOSS_DRIVERS_MODULE -DMOSS_INTERRUPTS_MODULE -DMOSS_IPC_MODULE -DMOSS_KERNEL_CORE -DMOSS_KERNEL_LOAD_ADDR=0x40080000 -DMOSS_KERNEL_MODULE -DMOSS_MEMORY_BASE=0x40000000 -DMOSS_PAGE_SIZE=4096 -DMOSS_PLATFORM_QEMU_VIRT=1 -I/home/wu/mercedes-benz/moss/src/include -I/home/wu/mercedes-benz/moss/build/arm64-qemu-debug/include -I/home/wu/mercedes-benz/moss/src/kernel -I/home/wu/mercedes-benz/moss/src/process -I/home/wu/mercedes-benz/moss/src/interrupts -I/home/wu/mercedes-benz/moss/src/drivers -I/home/wu/mercedes-benz/moss/src/ipc -I/home/wu/mercedes-benz/moss/src/containers -mcpu=cortex-a57 -march=armv8-a+lse -mgeneral-regs-only -mstrict-align --target=aarch64-unknown-elf -mcpu=cortex-a57 -march=armv8-a -mgeneral-regs-only -mstrict-align -mno-outline-atomics -fno-pic -fno-pie -ffreestanding -fno-exceptions -fno-rtti -fno-stack-protector -Wall -Wextra -Werror -Wpedantic -Wconversion -Wsign-conversion -Wshadow -Wunused -Wunreachable-code -Wcast-qual -Wcast-align -Wmissing-declarations -Wredundant-decls -Wundef -Wstrict-aliasing -Wformat=2 -Wimplicit-fallthrough -Wnull-dereference -Wdouble-promotion -Og -g3 -std=c++26 -MD -MT src/kernel/CMakeFiles/moss_kernel.dir/kernel_main.cpp.obj -MF src/kernel/CMakeFiles/moss_kernel.dir/kernel_main.cpp.obj.d -o src/kernel/CMakeFiles/moss_kernel.dir/kernel_main.cpp.obj -c /home/wu/mercedes-benz/moss/src/kernel/kernel_main.cpp
In file included from /home/wu/mercedes-benz/moss/src/kernel/kernel_main.cpp:4:
In file included from /home/wu/mercedes-benz/moss/src/kernel/kernel_main.hpp:9:
In file included from /home/wu/mercedes-benz/moss/src/include/containers/containers.hpp:8:
/home/wu/mercedes-benz/moss/src/include/containers/../../containers/lockfree_queue.hpp:25:5: error: 'MOSS_HAS_STD_UTILITY' is not defined, evaluates to 0 [-Werror,-Wundef]
   25 | #if MOSS_HAS_STD_UTILITY
      |     ^
/home/wu/mercedes-benz/moss/src/include/containers/../../containers/lockfree_queue.hpp:58:5: error: 'MOSS_HAS_STD_UTILITY' is not defined, evaluates to 0 [-Werror,-Wundef]
   58 | #if MOSS_HAS_STD_UTILITY
      |     ^
/home/wu/mercedes-benz/moss/src/include/containers/../../containers/lockfree_queue.hpp:72:5: error: 'MOSS_HAS_STD_UTILITY' is not defined, evaluates to 0 [-Werror,-Wundef]
   72 | #if MOSS_HAS_STD_UTILITY
      |     ^
/home/wu/mercedes-benz/moss/src/include/containers/../../containers/lockfree_queue.hpp:85:5: error: 'MOSS_HAS_STD_UTILITY' is not defined, evaluates to 0 [-Werror,-Wundef]
   85 | #if MOSS_HAS_STD_UTILITY
      |     ^
/home/wu/mercedes-benz/moss/src/include/containers/../../containers/lockfree_queue.hpp:98:5: error: 'MOSS_HAS_STD_UTILITY' is not defined, evaluates to 0 [-Werror,-Wundef]
   98 | #if MOSS_HAS_STD_UTILITY
      |     ^
/home/wu/mercedes-benz/moss/src/include/containers/../../containers/lockfree_queue.hpp:193:5: error: 'MOSS_HAS_STD_UTILITY' is not defined, evaluates to 0 [-Werror,-Wundef]
  193 | #if MOSS_HAS_STD_UTILITY
      |     ^
/home/wu/mercedes-benz/moss/src/include/containers/../../containers/lockfree_queue.hpp:256:5: error: 'MOSS_HAS_STD_UTILITY' is not defined, evaluates to 0 [-Werror,-Wundef]
  256 | #if MOSS_HAS_STD_UTILITY
      |     ^
/home/wu/mercedes-benz/moss/src/include/containers/../../containers/lockfree_queue.hpp:266:5: error: 'MOSS_HAS_STD_UTILITY' is not defined, evaluates to 0 [-Werror,-Wundef]
  266 | #if MOSS_HAS_STD_UTILITY
      |     ^
/home/wu/mercedes-benz/moss/src/include/containers/../../containers/lockfree_queue.hpp:279:5: error: 'MOSS_HAS_STD_UTILITY' is not defined, evaluates to 0 [-Werror,-Wundef]
  279 | #if MOSS_HAS_STD_UTILITY
      |     ^
/home/wu/mercedes-benz/moss/src/include/containers/../../containers/lockfree_queue.hpp:292:5: error: 'MOSS_HAS_STD_UTILITY' is not defined, evaluates to 0 [-Werror,-Wundef]
  292 | #if MOSS_HAS_STD_UTILITY
      |     ^
In file included from /home/wu/mercedes-benz/moss/src/kernel/kernel_main.cpp:4:
In file included from /home/wu/mercedes-benz/moss/src/kernel/kernel_main.hpp:9:
In file included from /home/wu/mercedes-benz/moss/src/include/containers/containers.hpp:9:
/home/wu/mercedes-benz/moss/src/include/containers/../../containers/rcu_list.hpp:150:5: error: 'MOSS_HAS_STD_UTILITY' is not defined, evaluates to 0 [-Werror,-Wundef]
  150 | #if MOSS_HAS_STD_UTILITY
      |     ^
/home/wu/mercedes-benz/moss/src/include/containers/../../containers/rcu_list.hpp:180:5: error: 'MOSS_HAS_STD_UTILITY' is not defined, evaluates to 0 [-Werror,-Wundef]
  180 | #if MOSS_HAS_STD_UTILITY
      |     ^
/home/wu/mercedes-benz/moss/src/include/containers/../../containers/rcu_list.hpp:304:5: error: 'MOSS_HAS_STD_UTILITY' is not defined, evaluates to 0 [-Werror,-Wundef]
  304 | #if MOSS_HAS_STD_UTILITY
      |     ^
/home/wu/mercedes-benz/moss/src/include/containers/../../containers/rcu_list.hpp:342:5: error: 'MOSS_HAS_STD_UTILITY' is not defined, evaluates to 0 [-Werror,-Wundef]
  342 | #if MOSS_HAS_STD_UTILITY
      |     ^
In file included from /home/wu/mercedes-benz/moss/src/kernel/kernel_main.cpp:4:
In file included from /home/wu/mercedes-benz/moss/src/kernel/kernel_main.hpp:9:
In file included from /home/wu/mercedes-benz/moss/src/include/containers/containers.hpp:10:
/home/wu/mercedes-benz/moss/src/include/containers/../../containers/slab_allocator.hpp:462:5: error: 'MOSS_HAS_STD_UTILITY_SLAB' is not defined, evaluates to 0 [-Werror,-Wundef]
  462 | #if MOSS_HAS_STD_UTILITY_SLAB
      |     ^
In file included from /home/wu/mercedes-benz/moss/src/kernel/kernel_main.cpp:4:
In file included from /home/wu/mercedes-benz/moss/src/kernel/kernel_main.hpp:9:
In file included from /home/wu/mercedes-benz/moss/src/include/containers/containers.hpp:11:
/home/wu/mercedes-benz/moss/src/include/containers/../../containers/per_cpu_data.hpp:25:5: error: 'MOSS_HAS_STD_UTILITY_PERCPU' is not defined, evaluates to 0 [-Werror,-Wundef]
   25 | #if MOSS_HAS_STD_UTILITY_PERCPU
      |     ^
/home/wu/mercedes-benz/moss/src/include/containers/../../containers/per_cpu_data.hpp:35:5: error: 'MOSS_HAS_STD_UTILITY_PERCPU' is not defined, evaluates to 0 [-Werror,-Wundef]
   35 | #if MOSS_HAS_STD_UTILITY_PERCPU
      |     ^
/home/wu/mercedes-benz/moss/src/include/containers/../../containers/per_cpu_data.hpp:49:5: error: 'MOSS_HAS_STD_UTILITY_PERCPU' is not defined, evaluates to 0 [-Werror,-Wundef]
   49 | #if MOSS_HAS_STD_UTILITY_PERCPU
      |     ^
/home/wu/mercedes-benz/moss/src/include/containers/../../containers/per_cpu_data.hpp:63:5: error: 'MOSS_HAS_STD_UTILITY_PERCPU' is not defined, evaluates to 0 [-Werror,-Wundef]
   63 | #if MOSS_HAS_STD_UTILITY_PERCPU
      |     ^
fatal error: too many errors emitted, stopping now [-ferror-limit=]
20 errors generated.
ninja: build stopped: subcommand failed.
